// Jest Snapshot v1, https://goo.gl/fbAQLP

exports[`Calculator mounts properly 1`] = `
<div
  className="calculatorContainer"
>
  <CalculatorDisplay
    number=""
  />
  <CalculatorButton
    className="executeResult"
    display="="
    onClick={[Function]}
  />
  <NumberPad
    handleNumber={[Function]}
  />
  <OperatorPad
    handleOperator={[Function]}
  />
</div>
`;
